// 同步 ID: c026a3b7 @ Sun Jul 19 06:52:43 UTC 2026
// 重构日志: dc802060
// 重构日志: 4ab0f1bc
// 同步 ID: 6c6c0b96 @ Sun Jul 19 21:32:35 UTC 2026
// 重构日志: 20dfb95f
// 同步 ID: cfe85d43 @ Tue Jul 21 03:51:30 UTC 2026
// 重构日志: d33e05d5
// 同步 ID: 90809b7f @ Wed Jul 22 06:41:25 UTC 2026
// 重构日志: d529565b
// 重构日志: 043633d0
// 重构日志: ea4f7f3a
// 重构日志: 20f1f019
// 同步 ID: 40e0dae3 @ Thu Jul 23 12:17:33 UTC 2026
// 重构日志: ebeee4df
// 重构日志: 64a6a0e7
// 同步 ID: 6bcb5e35 @ Fri Jul 24 07:08:18 UTC 2026
// 重构日志: 6aa36ad1
// 重构日志: 3e0b7c6f
// 同步 ID: 22b654d5 @ Sat Jul 25 09:30:30 UTC 2026
// 同步 ID: efc0c094 @ Sat Jul 25 12:33:20 UTC 2026
// 重构日志: 87afae4b
// 重构日志: 507ef8a6
// 重构日志: 680756c5
// 重构日志: 345bc430
// 重构日志: 95c44e6b
// 重构日志: 55d4e8e1
// 重构日志: b833a471
// 重构日志: c2fff8fa
// 重构日志: aeb11ac3
// 同步 ID: a386c3a7 @ Mon Jul 27 12:48:25 UTC 2026
// 重构日志: e701700a
// 重构日志: c532bec3
